Archive member included to satisfy reference by file (symbol)

c:/ti/ccs1250/ccs/tools/compiler/gcc-arm-none-eabi-9-2019-q4-major/bin/../lib/gcc/arm-none-eabi/9.2.1/../../../../arm-none-eabi/lib/thumb/v7e-m/nofp\libg.a(lib_a-exit.o)
                              c:/ti/ccs1250/ccs/tools/compiler/gcc-arm-none-eabi-9-2019-q4-major/bin/../lib/gcc/arm-none-eabi/9.2.1/../../../../arm-none-eabi/lib/thumb/v7e-m/nofp/crt0.o (exit)
c:/ti/ccs1250/ccs/tools/compiler/gcc-arm-none-eabi-9-2019-q4-major/bin/../lib/gcc/arm-none-eabi/9.2.1/../../../../arm-none-eabi/lib/thumb/v7e-m/nofp\libg.a(lib_a-impure.o)
                              c:/ti/ccs1250/ccs/tools/compiler/gcc-arm-none-eabi-9-2019-q4-major/bin/../lib/gcc/arm-none-eabi/9.2.1/../../../../arm-none-eabi/lib/thumb/v7e-m/nofp\libg.a(lib_a-exit.o) (_global_impure_ptr)
c:/ti/ccs1250/ccs/tools/compiler/gcc-arm-none-eabi-9-2019-q4-major/bin/../lib/gcc/arm-none-eabi/9.2.1/../../../../arm-none-eabi/lib/thumb/v7e-m/nofp\libg.a(lib_a-init.o)
                              c:/ti/ccs1250/ccs/tools/compiler/gcc-arm-none-eabi-9-2019-q4-major/bin/../lib/gcc/arm-none-eabi/9.2.1/../../../../arm-none-eabi/lib/thumb/v7e-m/nofp/crt0.o (__libc_init_array)
c:/ti/ccs1250/ccs/tools/compiler/gcc-arm-none-eabi-9-2019-q4-major/bin/../lib/gcc/arm-none-eabi/9.2.1/../../../../arm-none-eabi/lib/thumb/v7e-m/nofp\libg.a(lib_a-memset.o)
                              c:/ti/ccs1250/ccs/tools/compiler/gcc-arm-none-eabi-9-2019-q4-major/bin/../lib/gcc/arm-none-eabi/9.2.1/../../../../arm-none-eabi/lib/thumb/v7e-m/nofp/crt0.o (memset)
c:/ti/ccs1250/ccs/tools/compiler/gcc-arm-none-eabi-9-2019-q4-major/bin/../lib/gcc/arm-none-eabi/9.2.1/../../../../arm-none-eabi/lib/thumb/v7e-m/nofp\libg.a(lib_a-__call_atexit.o)
                              c:/ti/ccs1250/ccs/tools/compiler/gcc-arm-none-eabi-9-2019-q4-major/bin/../lib/gcc/arm-none-eabi/9.2.1/../../../../arm-none-eabi/lib/thumb/v7e-m/nofp\libg.a(lib_a-exit.o) (__call_exitprocs)
c:/ti/ccs1250/ccs/tools/compiler/gcc-arm-none-eabi-9-2019-q4-major/bin/../lib/gcc/arm-none-eabi/9.2.1/../../../../arm-none-eabi/lib/thumb/v7e-m/nofp\libg.a(lib_a-atexit.o)
                              c:/ti/ccs1250/ccs/tools/compiler/gcc-arm-none-eabi-9-2019-q4-major/bin/../lib/gcc/arm-none-eabi/9.2.1/../../../../arm-none-eabi/lib/thumb/v7e-m/nofp\libg.a(lib_a-__call_atexit.o) (atexit)
c:/ti/ccs1250/ccs/tools/compiler/gcc-arm-none-eabi-9-2019-q4-major/bin/../lib/gcc/arm-none-eabi/9.2.1/../../../../arm-none-eabi/lib/thumb/v7e-m/nofp\libg.a(lib_a-fini.o)
                              c:/ti/ccs1250/ccs/tools/compiler/gcc-arm-none-eabi-9-2019-q4-major/bin/../lib/gcc/arm-none-eabi/9.2.1/../../../../arm-none-eabi/lib/thumb/v7e-m/nofp\libg.a(lib_a-__call_atexit.o) (__libc_fini_array)
c:/ti/ccs1250/ccs/tools/compiler/gcc-arm-none-eabi-9-2019-q4-major/bin/../lib/gcc/arm-none-eabi/9.2.1/../../../../arm-none-eabi/lib/thumb/v7e-m/nofp\libg.a(lib_a-lock.o)
                              c:/ti/ccs1250/ccs/tools/compiler/gcc-arm-none-eabi-9-2019-q4-major/bin/../lib/gcc/arm-none-eabi/9.2.1/../../../../arm-none-eabi/lib/thumb/v7e-m/nofp\libg.a(lib_a-__call_atexit.o) (__retarget_lock_acquire_recursive)
c:/ti/ccs1250/ccs/tools/compiler/gcc-arm-none-eabi-9-2019-q4-major/bin/../lib/gcc/arm-none-eabi/9.2.1/../../../../arm-none-eabi/lib/thumb/v7e-m/nofp\libg.a(lib_a-__atexit.o)
                              c:/ti/ccs1250/ccs/tools/compiler/gcc-arm-none-eabi-9-2019-q4-major/bin/../lib/gcc/arm-none-eabi/9.2.1/../../../../arm-none-eabi/lib/thumb/v7e-m/nofp\libg.a(lib_a-atexit.o) (__register_exitproc)
c:/ti/ccs1250/ccs/tools/compiler/gcc-arm-none-eabi-9-2019-q4-major/bin/../lib/gcc/arm-none-eabi/9.2.1/../../../../arm-none-eabi/lib/thumb/v7e-m/nofp\libnosys.a(_exit.o)
                              c:/ti/ccs1250/ccs/tools/compiler/gcc-arm-none-eabi-9-2019-q4-major/bin/../lib/gcc/arm-none-eabi/9.2.1/../../../../arm-none-eabi/lib/thumb/v7e-m/nofp\libg.a(lib_a-exit.o) (_exit)

Allocating common symbols
Common symbol       size              file

__lock___atexit_recursive_mutex
                    0x1               c:/ti/ccs1250/ccs/tools/compiler/gcc-arm-none-eabi-9-2019-q4-major/bin/../lib/gcc/arm-none-eabi/9.2.1/../../../../arm-none-eabi/lib/thumb/v7e-m/nofp\libg.a(lib_a-lock.o)
__lock___arc4random_mutex
                    0x1               c:/ti/ccs1250/ccs/tools/compiler/gcc-arm-none-eabi-9-2019-q4-major/bin/../lib/gcc/arm-none-eabi/9.2.1/../../../../arm-none-eabi/lib/thumb/v7e-m/nofp\libg.a(lib_a-lock.o)
__lock___env_recursive_mutex
                    0x1               c:/ti/ccs1250/ccs/tools/compiler/gcc-arm-none-eabi-9-2019-q4-major/bin/../lib/gcc/arm-none-eabi/9.2.1/../../../../arm-none-eabi/lib/thumb/v7e-m/nofp\libg.a(lib_a-lock.o)
__lock___sinit_recursive_mutex
                    0x1               c:/ti/ccs1250/ccs/tools/compiler/gcc-arm-none-eabi-9-2019-q4-major/bin/../lib/gcc/arm-none-eabi/9.2.1/../../../../arm-none-eabi/lib/thumb/v7e-m/nofp\libg.a(lib_a-lock.o)
__lock___malloc_recursive_mutex
                    0x1               c:/ti/ccs1250/ccs/tools/compiler/gcc-arm-none-eabi-9-2019-q4-major/bin/../lib/gcc/arm-none-eabi/9.2.1/../../../../arm-none-eabi/lib/thumb/v7e-m/nofp\libg.a(lib_a-lock.o)
__lock___at_quick_exit_mutex
                    0x1               c:/ti/ccs1250/ccs/tools/compiler/gcc-arm-none-eabi-9-2019-q4-major/bin/../lib/gcc/arm-none-eabi/9.2.1/../../../../arm-none-eabi/lib/thumb/v7e-m/nofp\libg.a(lib_a-lock.o)
__lock___dd_hash_mutex
                    0x1               c:/ti/ccs1250/ccs/tools/compiler/gcc-arm-none-eabi-9-2019-q4-major/bin/../lib/gcc/arm-none-eabi/9.2.1/../../../../arm-none-eabi/lib/thumb/v7e-m/nofp\libg.a(lib_a-lock.o)
__lock___tz_mutex   0x1               c:/ti/ccs1250/ccs/tools/compiler/gcc-arm-none-eabi-9-2019-q4-major/bin/../lib/gcc/arm-none-eabi/9.2.1/../../../../arm-none-eabi/lib/thumb/v7e-m/nofp\libg.a(lib_a-lock.o)
__lock___sfp_recursive_mutex
                    0x1               c:/ti/ccs1250/ccs/tools/compiler/gcc-arm-none-eabi-9-2019-q4-major/bin/../lib/gcc/arm-none-eabi/9.2.1/../../../../arm-none-eabi/lib/thumb/v7e-m/nofp\libg.a(lib_a-lock.o)

Memory Configuration

Name             Origin             Length             Attributes
FLASH            0x00000000         0x00040000         xr
SRAM             0x20000000         0x00008000         xw
*default*        0x00000000         0xffffffff

Linker script and memory map

LOAD c:/ti/ccs1250/ccs/tools/compiler/gcc-arm-none-eabi-9-2019-q4-major/bin/../lib/gcc/arm-none-eabi/9.2.1/thumb/v7e-m/nofp/crti.o
LOAD c:/ti/ccs1250/ccs/tools/compiler/gcc-arm-none-eabi-9-2019-q4-major/bin/../lib/gcc/arm-none-eabi/9.2.1/thumb/v7e-m/nofp/crtbegin.o
LOAD c:/ti/ccs1250/ccs/tools/compiler/gcc-arm-none-eabi-9-2019-q4-major/bin/../lib/gcc/arm-none-eabi/9.2.1/../../../../arm-none-eabi/lib/thumb/v7e-m/nofp/crt0.o
LOAD ./main.o
LOAD ./tm4c123gh6pm_startup_ccs_gcc.o
                0x00000000                PROVIDE (_intvecs_base_address = 0x0)

.intvecs        0x00000000      0x26c
 *(.intvecs)
 .intvecs       0x00000000      0x26c ./tm4c123gh6pm_startup_ccs_gcc.o
                0x00000000                g_pfnVectors
                0x20000000                PROVIDE (_vtable_base_address = 0x20000000)

.vtable
 *(.vtable)

.text           0x0000026c      0x5d8
 CREATE_OBJECT_SYMBOLS
 *(.text)
 .text          0x0000026c        0x0 c:/ti/ccs1250/ccs/tools/compiler/gcc-arm-none-eabi-9-2019-q4-major/bin/../lib/gcc/arm-none-eabi/9.2.1/thumb/v7e-m/nofp/crti.o
 .text          0x0000026c       0x40 c:/ti/ccs1250/ccs/tools/compiler/gcc-arm-none-eabi-9-2019-q4-major/bin/../lib/gcc/arm-none-eabi/9.2.1/thumb/v7e-m/nofp/crtbegin.o
 .text          0x000002ac       0x74 c:/ti/ccs1250/ccs/tools/compiler/gcc-arm-none-eabi-9-2019-q4-major/bin/../lib/gcc/arm-none-eabi/9.2.1/../../../../arm-none-eabi/lib/thumb/v7e-m/nofp/crt0.o
                0x000002ac                _start
                0x000002ac                _mainCRTStartup
 .text          0x00000320        0x0 ./main.o
 .text          0x00000320        0x0 ./tm4c123gh6pm_startup_ccs_gcc.o
 .text          0x00000320        0x0 c:/ti/ccs1250/ccs/tools/compiler/gcc-arm-none-eabi-9-2019-q4-major/bin/../lib/gcc/arm-none-eabi/9.2.1/../../../../arm-none-eabi/lib/thumb/v7e-m/nofp\libg.a(lib_a-exit.o)
 .text          0x00000320        0x0 c:/ti/ccs1250/ccs/tools/compiler/gcc-arm-none-eabi-9-2019-q4-major/bin/../lib/gcc/arm-none-eabi/9.2.1/../../../../arm-none-eabi/lib/thumb/v7e-m/nofp\libg.a(lib_a-impure.o)
 .text          0x00000320        0x0 c:/ti/ccs1250/ccs/tools/compiler/gcc-arm-none-eabi-9-2019-q4-major/bin/../lib/gcc/arm-none-eabi/9.2.1/../../../../arm-none-eabi/lib/thumb/v7e-m/nofp\libg.a(lib_a-init.o)
 .text          0x00000320        0x0 c:/ti/ccs1250/ccs/tools/compiler/gcc-arm-none-eabi-9-2019-q4-major/bin/../lib/gcc/arm-none-eabi/9.2.1/../../../../arm-none-eabi/lib/thumb/v7e-m/nofp\libg.a(lib_a-memset.o)
 .text          0x00000320        0x0 c:/ti/ccs1250/ccs/tools/compiler/gcc-arm-none-eabi-9-2019-q4-major/bin/../lib/gcc/arm-none-eabi/9.2.1/../../../../arm-none-eabi/lib/thumb/v7e-m/nofp\libg.a(lib_a-__call_atexit.o)
 .text          0x00000320        0x0 c:/ti/ccs1250/ccs/tools/compiler/gcc-arm-none-eabi-9-2019-q4-major/bin/../lib/gcc/arm-none-eabi/9.2.1/../../../../arm-none-eabi/lib/thumb/v7e-m/nofp\libg.a(lib_a-atexit.o)
 .text          0x00000320        0x0 c:/ti/ccs1250/ccs/tools/compiler/gcc-arm-none-eabi-9-2019-q4-major/bin/../lib/gcc/arm-none-eabi/9.2.1/../../../../arm-none-eabi/lib/thumb/v7e-m/nofp\libg.a(lib_a-fini.o)
 .text          0x00000320        0x0 c:/ti/ccs1250/ccs/tools/compiler/gcc-arm-none-eabi-9-2019-q4-major/bin/../lib/gcc/arm-none-eabi/9.2.1/../../../../arm-none-eabi/lib/thumb/v7e-m/nofp\libg.a(lib_a-lock.o)
 .text          0x00000320        0x0 c:/ti/ccs1250/ccs/tools/compiler/gcc-arm-none-eabi-9-2019-q4-major/bin/../lib/gcc/arm-none-eabi/9.2.1/../../../../arm-none-eabi/lib/thumb/v7e-m/nofp\libg.a(lib_a-__atexit.o)
 .text          0x00000320        0x0 c:/ti/ccs1250/ccs/tools/compiler/gcc-arm-none-eabi-9-2019-q4-major/bin/../lib/gcc/arm-none-eabi/9.2.1/../../../../arm-none-eabi/lib/thumb/v7e-m/nofp\libnosys.a(_exit.o)
 .text          0x00000320        0x0 c:/ti/ccs1250/ccs/tools/compiler/gcc-arm-none-eabi-9-2019-q4-major/bin/../lib/gcc/arm-none-eabi/9.2.1/thumb/v7e-m/nofp/crtend.o
 .text          0x00000320        0x0 c:/ti/ccs1250/ccs/tools/compiler/gcc-arm-none-eabi-9-2019-q4-major/bin/../lib/gcc/arm-none-eabi/9.2.1/thumb/v7e-m/nofp/crtn.o
 *(.text.*)
 .text.main     0x00000320       0xf4 ./main.o
                0x00000320                main
 .text.delayMs  0x00000414       0x3e ./main.o
                0x00000414                delayMs
 *fill*         0x00000452        0x2 
 .text.ResetISR
                0x00000454       0x6c ./tm4c123gh6pm_startup_ccs_gcc.o
                0x00000454                ResetISR
 .text.NmiSR    0x000004c0        0x6 ./tm4c123gh6pm_startup_ccs_gcc.o
 .text.FaultISR
                0x000004c6        0x6 ./tm4c123gh6pm_startup_ccs_gcc.o
 .text.IntDefaultHandler
                0x000004cc        0x6 ./tm4c123gh6pm_startup_ccs_gcc.o
 *fill*         0x000004d2        0x2 
 .text.GPIOPortF_Handler
                0x000004d4       0x7c ./tm4c123gh6pm_startup_ccs_gcc.o
 .text.exit     0x00000550       0x20 c:/ti/ccs1250/ccs/tools/compiler/gcc-arm-none-eabi-9-2019-q4-major/bin/../lib/gcc/arm-none-eabi/9.2.1/../../../../arm-none-eabi/lib/thumb/v7e-m/nofp\libg.a(lib_a-exit.o)
                0x00000550                exit
 .text.__libc_init_array
                0x00000570       0x48 c:/ti/ccs1250/ccs/tools/compiler/gcc-arm-none-eabi-9-2019-q4-major/bin/../lib/gcc/arm-none-eabi/9.2.1/../../../../arm-none-eabi/lib/thumb/v7e-m/nofp\libg.a(lib_a-init.o)
                0x00000570                __libc_init_array
 .text.memset   0x000005b8       0xa0 c:/ti/ccs1250/ccs/tools/compiler/gcc-arm-none-eabi-9-2019-q4-major/bin/../lib/gcc/arm-none-eabi/9.2.1/../../../../arm-none-eabi/lib/thumb/v7e-m/nofp\libg.a(lib_a-memset.o)
                0x000005b8                memset
 .text.startup.register_fini
                0x00000658       0x14 c:/ti/ccs1250/ccs/tools/compiler/gcc-arm-none-eabi-9-2019-q4-major/bin/../lib/gcc/arm-none-eabi/9.2.1/../../../../arm-none-eabi/lib/thumb/v7e-m/nofp\libg.a(lib_a-__call_atexit.o)
 .text.__call_exitprocs
                0x0000066c       0xc4 c:/ti/ccs1250/ccs/tools/compiler/gcc-arm-none-eabi-9-2019-q4-major/bin/../lib/gcc/arm-none-eabi/9.2.1/../../../../arm-none-eabi/lib/thumb/v7e-m/nofp\libg.a(lib_a-__call_atexit.o)
                0x0000066c                __call_exitprocs
 .text.atexit   0x00000730        0xc c:/ti/ccs1250/ccs/tools/compiler/gcc-arm-none-eabi-9-2019-q4-major/bin/../lib/gcc/arm-none-eabi/9.2.1/../../../../arm-none-eabi/lib/thumb/v7e-m/nofp\libg.a(lib_a-atexit.o)
                0x00000730                atexit
 .text.__libc_fini_array
                0x0000073c       0x2c c:/ti/ccs1250/ccs/tools/compiler/gcc-arm-none-eabi-9-2019-q4-major/bin/../lib/gcc/arm-none-eabi/9.2.1/../../../../arm-none-eabi/lib/thumb/v7e-m/nofp\libg.a(lib_a-fini.o)
                0x0000073c                __libc_fini_array
 .text.__retarget_lock_init
                0x00000768        0x4 c:/ti/ccs1250/ccs/tools/compiler/gcc-arm-none-eabi-9-2019-q4-major/bin/../lib/gcc/arm-none-eabi/9.2.1/../../../../arm-none-eabi/lib/thumb/v7e-m/nofp\libg.a(lib_a-lock.o)
                0x00000768                __retarget_lock_init
 .text.__retarget_lock_init_recursive
                0x0000076c        0x4 c:/ti/ccs1250/ccs/tools/compiler/gcc-arm-none-eabi-9-2019-q4-major/bin/../lib/gcc/arm-none-eabi/9.2.1/../../../../arm-none-eabi/lib/thumb/v7e-m/nofp\libg.a(lib_a-lock.o)
                0x0000076c                __retarget_lock_init_recursive
 .text.__retarget_lock_close
                0x00000770        0x4 c:/ti/ccs1250/ccs/tools/compiler/gcc-arm-none-eabi-9-2019-q4-major/bin/../lib/gcc/arm-none-eabi/9.2.1/../../../../arm-none-eabi/lib/thumb/v7e-m/nofp\libg.a(lib_a-lock.o)
                0x00000770                __retarget_lock_close
 .text.__retarget_lock_close_recursive
                0x00000774        0x4 c:/ti/ccs1250/ccs/tools/compiler/gcc-arm-none-eabi-9-2019-q4-major/bin/../lib/gcc/arm-none-eabi/9.2.1/../../../../arm-none-eabi/lib/thumb/v7e-m/nofp\libg.a(lib_a-lock.o)
                0x00000774                __retarget_lock_close_recursive
 .text.__retarget_lock_acquire
                0x00000778        0x4 c:/ti/ccs1250/ccs/tools/compiler/gcc-arm-none-eabi-9-2019-q4-major/bin/../lib/gcc/arm-none-eabi/9.2.1/../../../../arm-none-eabi/lib/thumb/v7e-m/nofp\libg.a(lib_a-lock.o)
                0x00000778                __retarget_lock_acquire
 .text.__retarget_lock_acquire_recursive
                0x0000077c        0x4 c:/ti/ccs1250/ccs/tools/compiler/gcc-arm-none-eabi-9-2019-q4-major/bin/../lib/gcc/arm-none-eabi/9.2.1/../../../../arm-none-eabi/lib/thumb/v7e-m/nofp\libg.a(lib_a-lock.o)
                0x0000077c                __retarget_lock_acquire_recursive
 .text.__retarget_lock_try_acquire
                0x00000780        0x4 c:/ti/ccs1250/ccs/tools/compiler/gcc-arm-none-eabi-9-2019-q4-major/bin/../lib/gcc/arm-none-eabi/9.2.1/../../../../arm-none-eabi/lib/thumb/v7e-m/nofp\libg.a(lib_a-lock.o)
                0x00000780                __retarget_lock_try_acquire
 .text.__retarget_lock_try_acquire_recursive
                0x00000784        0x4 c:/ti/ccs1250/ccs/tools/compiler/gcc-arm-none-eabi-9-2019-q4-major/bin/../lib/gcc/arm-none-eabi/9.2.1/../../../../arm-none-eabi/lib/thumb/v7e-m/nofp\libg.a(lib_a-lock.o)
                0x00000784                __retarget_lock_try_acquire_recursive
 .text.__retarget_lock_release
                0x00000788        0x4 c:/ti/ccs1250/ccs/tools/compiler/gcc-arm-none-eabi-9-2019-q4-major/bin/../lib/gcc/arm-none-eabi/9.2.1/../../../../arm-none-eabi/lib/thumb/v7e-m/nofp\libg.a(lib_a-lock.o)
                0x00000788                __retarget_lock_release
 .text.__retarget_lock_release_recursive
                0x0000078c        0x4 c:/ti/ccs1250/ccs/tools/compiler/gcc-arm-none-eabi-9-2019-q4-major/bin/../lib/gcc/arm-none-eabi/9.2.1/../../../../arm-none-eabi/lib/thumb/v7e-m/nofp\libg.a(lib_a-lock.o)
                0x0000078c                __retarget_lock_release_recursive
 .text.__register_exitproc
                0x00000790       0x8c c:/ti/ccs1250/ccs/tools/compiler/gcc-arm-none-eabi-9-2019-q4-major/bin/../lib/gcc/arm-none-eabi/9.2.1/../../../../arm-none-eabi/lib/thumb/v7e-m/nofp\libg.a(lib_a-__atexit.o)
                0x00000790                __register_exitproc
 .text._exit    0x0000081c        0x4 c:/ti/ccs1250/ccs/tools/compiler/gcc-arm-none-eabi-9-2019-q4-major/bin/../lib/gcc/arm-none-eabi/9.2.1/../../../../arm-none-eabi/lib/thumb/v7e-m/nofp\libnosys.a(_exit.o)
                0x0000081c                _exit
                0x00000820                . = ALIGN (0x4)
 *(.ctors)
                0x00000820                . = ALIGN (0x4)
 *(.dtors)
                0x00000820                . = ALIGN (0x4)
                0x00000820                __init_array_start = .
 *(.init_array*)
 .init_array    0x00000820        0x4 c:/ti/ccs1250/ccs/tools/compiler/gcc-arm-none-eabi-9-2019-q4-major/bin/../lib/gcc/arm-none-eabi/9.2.1/thumb/v7e-m/nofp/crtbegin.o
 .init_array.00000
                0x00000824        0x4 c:/ti/ccs1250/ccs/tools/compiler/gcc-arm-none-eabi-9-2019-q4-major/bin/../lib/gcc/arm-none-eabi/9.2.1/../../../../arm-none-eabi/lib/thumb/v7e-m/nofp\libg.a(lib_a-__call_atexit.o)
                0x00000828                __init_array_end = .
 *(.init)
 .init          0x00000828        0x4 c:/ti/ccs1250/ccs/tools/compiler/gcc-arm-none-eabi-9-2019-q4-major/bin/../lib/gcc/arm-none-eabi/9.2.1/thumb/v7e-m/nofp/crti.o
                0x00000828                _init
 .init          0x0000082c        0x8 c:/ti/ccs1250/ccs/tools/compiler/gcc-arm-none-eabi-9-2019-q4-major/bin/../lib/gcc/arm-none-eabi/9.2.1/thumb/v7e-m/nofp/crtn.o
 *(.fini*)
 .fini          0x00000834        0x4 c:/ti/ccs1250/ccs/tools/compiler/gcc-arm-none-eabi-9-2019-q4-major/bin/../lib/gcc/arm-none-eabi/9.2.1/thumb/v7e-m/nofp/crti.o
                0x00000834                _fini
 .fini_array    0x00000838        0x4 c:/ti/ccs1250/ccs/tools/compiler/gcc-arm-none-eabi-9-2019-q4-major/bin/../lib/gcc/arm-none-eabi/9.2.1/thumb/v7e-m/nofp/crtbegin.o
 .fini          0x0000083c        0x8 c:/ti/ccs1250/ccs/tools/compiler/gcc-arm-none-eabi-9-2019-q4-major/bin/../lib/gcc/arm-none-eabi/9.2.1/thumb/v7e-m/nofp/crtn.o
                [!provide]                PROVIDE (__etext = .)
                [!provide]                PROVIDE (_etext = .)
                [!provide]                PROVIDE (etext = .)

.glue_7         0x00000844        0x0
 .glue_7        0x00000844        0x0 linker stubs

.glue_7t        0x00000844        0x0
 .glue_7t       0x00000844        0x0 linker stubs

.vfp11_veneer   0x00000844        0x0
 .vfp11_veneer  0x00000844        0x0 linker stubs

.v4_bx          0x00000844        0x0
 .v4_bx         0x00000844        0x0 linker stubs

.iplt           0x00000844        0x0
 .iplt          0x00000844        0x0 c:/ti/ccs1250/ccs/tools/compiler/gcc-arm-none-eabi-9-2019-q4-major/bin/../lib/gcc/arm-none-eabi/9.2.1/thumb/v7e-m/nofp/crtbegin.o

.rodata         0x00000844        0x4
 *(.rodata)
 *(.rodata*)
 .rodata._global_impure_ptr
                0x00000844        0x4 c:/ti/ccs1250/ccs/tools/compiler/gcc-arm-none-eabi-9-2019-q4-major/bin/../lib/gcc/arm-none-eabi/9.2.1/../../../../arm-none-eabi/lib/thumb/v7e-m/nofp\libg.a(lib_a-impure.o)
                0x00000844                _global_impure_ptr

.eh_frame       0x00000848        0x4
 .eh_frame      0x00000848        0x0 c:/ti/ccs1250/ccs/tools/compiler/gcc-arm-none-eabi-9-2019-q4-major/bin/../lib/gcc/arm-none-eabi/9.2.1/thumb/v7e-m/nofp/crtbegin.o
 .eh_frame      0x00000848        0x4 c:/ti/ccs1250/ccs/tools/compiler/gcc-arm-none-eabi-9-2019-q4-major/bin/../lib/gcc/arm-none-eabi/9.2.1/thumb/v7e-m/nofp/crtend.o

.data           0x20000000      0x43c load address 0x0000084c
                0x0000084c                __data_load__ = LOADADDR (.data)
                0x20000000                __data_start__ = .
 *(.data)
 .data          0x20000000        0x0 c:/ti/ccs1250/ccs/tools/compiler/gcc-arm-none-eabi-9-2019-q4-major/bin/../lib/gcc/arm-none-eabi/9.2.1/thumb/v7e-m/nofp/crti.o
 .data          0x20000000        0x4 c:/ti/ccs1250/ccs/tools/compiler/gcc-arm-none-eabi-9-2019-q4-major/bin/../lib/gcc/arm-none-eabi/9.2.1/thumb/v7e-m/nofp/crtbegin.o
                0x20000000                __dso_handle
 .data          0x20000004        0x0 c:/ti/ccs1250/ccs/tools/compiler/gcc-arm-none-eabi-9-2019-q4-major/bin/../lib/gcc/arm-none-eabi/9.2.1/../../../../arm-none-eabi/lib/thumb/v7e-m/nofp/crt0.o
 .data          0x20000004        0x0 ./main.o
 .data          0x20000004        0x0 ./tm4c123gh6pm_startup_ccs_gcc.o
 .data          0x20000004        0x0 c:/ti/ccs1250/ccs/tools/compiler/gcc-arm-none-eabi-9-2019-q4-major/bin/../lib/gcc/arm-none-eabi/9.2.1/../../../../arm-none-eabi/lib/thumb/v7e-m/nofp\libg.a(lib_a-exit.o)
 .data          0x20000004        0x0 c:/ti/ccs1250/ccs/tools/compiler/gcc-arm-none-eabi-9-2019-q4-major/bin/../lib/gcc/arm-none-eabi/9.2.1/../../../../arm-none-eabi/lib/thumb/v7e-m/nofp\libg.a(lib_a-impure.o)
 .data          0x20000004        0x0 c:/ti/ccs1250/ccs/tools/compiler/gcc-arm-none-eabi-9-2019-q4-major/bin/../lib/gcc/arm-none-eabi/9.2.1/../../../../arm-none-eabi/lib/thumb/v7e-m/nofp\libg.a(lib_a-init.o)
 .data          0x20000004        0x0 c:/ti/ccs1250/ccs/tools/compiler/gcc-arm-none-eabi-9-2019-q4-major/bin/../lib/gcc/arm-none-eabi/9.2.1/../../../../arm-none-eabi/lib/thumb/v7e-m/nofp\libg.a(lib_a-memset.o)
 .data          0x20000004        0x0 c:/ti/ccs1250/ccs/tools/compiler/gcc-arm-none-eabi-9-2019-q4-major/bin/../lib/gcc/arm-none-eabi/9.2.1/../../../../arm-none-eabi/lib/thumb/v7e-m/nofp\libg.a(lib_a-__call_atexit.o)
 .data          0x20000004        0x0 c:/ti/ccs1250/ccs/tools/compiler/gcc-arm-none-eabi-9-2019-q4-major/bin/../lib/gcc/arm-none-eabi/9.2.1/../../../../arm-none-eabi/lib/thumb/v7e-m/nofp\libg.a(lib_a-atexit.o)
 .data          0x20000004        0x0 c:/ti/ccs1250/ccs/tools/compiler/gcc-arm-none-eabi-9-2019-q4-major/bin/../lib/gcc/arm-none-eabi/9.2.1/../../../../arm-none-eabi/lib/thumb/v7e-m/nofp\libg.a(lib_a-fini.o)
 .data          0x20000004        0x0 c:/ti/ccs1250/ccs/tools/compiler/gcc-arm-none-eabi-9-2019-q4-major/bin/../lib/gcc/arm-none-eabi/9.2.1/../../../../arm-none-eabi/lib/thumb/v7e-m/nofp\libg.a(lib_a-lock.o)
 .data          0x20000004        0x0 c:/ti/ccs1250/ccs/tools/compiler/gcc-arm-none-eabi-9-2019-q4-major/bin/../lib/gcc/arm-none-eabi/9.2.1/../../../../arm-none-eabi/lib/thumb/v7e-m/nofp\libg.a(lib_a-__atexit.o)
 .data          0x20000004        0x0 c:/ti/ccs1250/ccs/tools/compiler/gcc-arm-none-eabi-9-2019-q4-major/bin/../lib/gcc/arm-none-eabi/9.2.1/../../../../arm-none-eabi/lib/thumb/v7e-m/nofp\libnosys.a(_exit.o)
 .data          0x20000004        0x0 c:/ti/ccs1250/ccs/tools/compiler/gcc-arm-none-eabi-9-2019-q4-major/bin/../lib/gcc/arm-none-eabi/9.2.1/thumb/v7e-m/nofp/crtend.o
 .data          0x20000004        0x0 c:/ti/ccs1250/ccs/tools/compiler/gcc-arm-none-eabi-9-2019-q4-major/bin/../lib/gcc/arm-none-eabi/9.2.1/thumb/v7e-m/nofp/crtn.o
 *(.data*)
 .data.speed_count
                0x20000004        0x4 ./main.o
                0x20000004                speed_count
 .data._impure_ptr
                0x20000008        0x4 c:/ti/ccs1250/ccs/tools/compiler/gcc-arm-none-eabi-9-2019-q4-major/bin/../lib/gcc/arm-none-eabi/9.2.1/../../../../arm-none-eabi/lib/thumb/v7e-m/nofp\libg.a(lib_a-impure.o)
                0x20000008                _impure_ptr
 *fill*         0x2000000c        0x4 
 .data.impure_data
                0x20000010      0x428 c:/ti/ccs1250/ccs/tools/compiler/gcc-arm-none-eabi-9-2019-q4-major/bin/../lib/gcc/arm-none-eabi/9.2.1/../../../../arm-none-eabi/lib/thumb/v7e-m/nofp\libg.a(lib_a-impure.o)
 .data.__atexit_recursive_mutex
                0x20000438        0x4 c:/ti/ccs1250/ccs/tools/compiler/gcc-arm-none-eabi-9-2019-q4-major/bin/../lib/gcc/arm-none-eabi/9.2.1/../../../../arm-none-eabi/lib/thumb/v7e-m/nofp\libg.a(lib_a-__call_atexit.o)
                0x20000438                __atexit_recursive_mutex
                0x2000043c                . = ALIGN (0x4)
                0x2000043c                __data_end__ = .

.igot.plt       0x2000043c        0x0 load address 0x00000c88
 .igot.plt      0x2000043c        0x0 c:/ti/ccs1250/ccs/tools/compiler/gcc-arm-none-eabi-9-2019-q4-major/bin/../lib/gcc/arm-none-eabi/9.2.1/thumb/v7e-m/nofp/crtbegin.o

.ARM.exidx      0x00000c88        0x8
                0x00000c88                __exidx_start = .
 *(.ARM.exidx* .gnu.linkonce.armexidx.*)
 .ARM.exidx     0x00000c88        0x8 c:/ti/ccs1250/ccs/tools/compiler/gcc-arm-none-eabi-9-2019-q4-major/bin/../lib/gcc/arm-none-eabi/9.2.1/../../../../arm-none-eabi/lib/thumb/v7e-m/nofp/crt0.o
                0x00000c90                __exidx_end = .

.ARM.extab      0x00000c90        0x0
 *(.ARM.extab* .gnu.linkonce.armextab.*)
 .ARM.extab     0x00000c90        0x0 c:/ti/ccs1250/ccs/tools/compiler/gcc-arm-none-eabi-9-2019-q4-major/bin/../lib/gcc/arm-none-eabi/9.2.1/../../../../arm-none-eabi/lib/thumb/v7e-m/nofp/crt0.o

.rel.dyn        0x00000c90        0x0
 .rel.iplt      0x00000c90        0x0 c:/ti/ccs1250/ccs/tools/compiler/gcc-arm-none-eabi-9-2019-q4-major/bin/../lib/gcc/arm-none-eabi/9.2.1/thumb/v7e-m/nofp/crtbegin.o

.bss            0x2000043c      0x248
                0x2000043c                __bss_start__ = .
 *(.shbss)
 *(.bss)
 .bss           0x2000043c        0x0 c:/ti/ccs1250/ccs/tools/compiler/gcc-arm-none-eabi-9-2019-q4-major/bin/../lib/gcc/arm-none-eabi/9.2.1/thumb/v7e-m/nofp/crti.o
 .bss           0x2000043c       0x1c c:/ti/ccs1250/ccs/tools/compiler/gcc-arm-none-eabi-9-2019-q4-major/bin/../lib/gcc/arm-none-eabi/9.2.1/thumb/v7e-m/nofp/crtbegin.o
 .bss           0x20000458        0x0 c:/ti/ccs1250/ccs/tools/compiler/gcc-arm-none-eabi-9-2019-q4-major/bin/../lib/gcc/arm-none-eabi/9.2.1/../../../../arm-none-eabi/lib/thumb/v7e-m/nofp/crt0.o
 .bss           0x20000458        0x0 ./main.o
 .bss           0x20000458        0x0 ./tm4c123gh6pm_startup_ccs_gcc.o
 .bss           0x20000458        0x0 c:/ti/ccs1250/ccs/tools/compiler/gcc-arm-none-eabi-9-2019-q4-major/bin/../lib/gcc/arm-none-eabi/9.2.1/../../../../arm-none-eabi/lib/thumb/v7e-m/nofp\libg.a(lib_a-exit.o)
 .bss           0x20000458        0x0 c:/ti/ccs1250/ccs/tools/compiler/gcc-arm-none-eabi-9-2019-q4-major/bin/../lib/gcc/arm-none-eabi/9.2.1/../../../../arm-none-eabi/lib/thumb/v7e-m/nofp\libg.a(lib_a-impure.o)
 .bss           0x20000458        0x0 c:/ti/ccs1250/ccs/tools/compiler/gcc-arm-none-eabi-9-2019-q4-major/bin/../lib/gcc/arm-none-eabi/9.2.1/../../../../arm-none-eabi/lib/thumb/v7e-m/nofp\libg.a(lib_a-init.o)
 .bss           0x20000458        0x0 c:/ti/ccs1250/ccs/tools/compiler/gcc-arm-none-eabi-9-2019-q4-major/bin/../lib/gcc/arm-none-eabi/9.2.1/../../../../arm-none-eabi/lib/thumb/v7e-m/nofp\libg.a(lib_a-memset.o)
 .bss           0x20000458        0x0 c:/ti/ccs1250/ccs/tools/compiler/gcc-arm-none-eabi-9-2019-q4-major/bin/../lib/gcc/arm-none-eabi/9.2.1/../../../../arm-none-eabi/lib/thumb/v7e-m/nofp\libg.a(lib_a-__call_atexit.o)
 .bss           0x20000458        0x0 c:/ti/ccs1250/ccs/tools/compiler/gcc-arm-none-eabi-9-2019-q4-major/bin/../lib/gcc/arm-none-eabi/9.2.1/../../../../arm-none-eabi/lib/thumb/v7e-m/nofp\libg.a(lib_a-atexit.o)
 .bss           0x20000458        0x0 c:/ti/ccs1250/ccs/tools/compiler/gcc-arm-none-eabi-9-2019-q4-major/bin/../lib/gcc/arm-none-eabi/9.2.1/../../../../arm-none-eabi/lib/thumb/v7e-m/nofp\libg.a(lib_a-fini.o)
 .bss           0x20000458        0x0 c:/ti/ccs1250/ccs/tools/compiler/gcc-arm-none-eabi-9-2019-q4-major/bin/../lib/gcc/arm-none-eabi/9.2.1/../../../../arm-none-eabi/lib/thumb/v7e-m/nofp\libg.a(lib_a-lock.o)
 .bss           0x20000458        0x0 c:/ti/ccs1250/ccs/tools/compiler/gcc-arm-none-eabi-9-2019-q4-major/bin/../lib/gcc/arm-none-eabi/9.2.1/../../../../arm-none-eabi/lib/thumb/v7e-m/nofp\libg.a(lib_a-__atexit.o)
 .bss           0x20000458        0x0 c:/ti/ccs1250/ccs/tools/compiler/gcc-arm-none-eabi-9-2019-q4-major/bin/../lib/gcc/arm-none-eabi/9.2.1/../../../../arm-none-eabi/lib/thumb/v7e-m/nofp\libnosys.a(_exit.o)
 .bss           0x20000458        0x0 c:/ti/ccs1250/ccs/tools/compiler/gcc-arm-none-eabi-9-2019-q4-major/bin/../lib/gcc/arm-none-eabi/9.2.1/thumb/v7e-m/nofp/crtend.o
 .bss           0x20000458        0x0 c:/ti/ccs1250/ccs/tools/compiler/gcc-arm-none-eabi-9-2019-q4-major/bin/../lib/gcc/arm-none-eabi/9.2.1/thumb/v7e-m/nofp/crtn.o
 *(.bss.*)
 .bss.led_type  0x20000458        0x4 ./main.o
                0x20000458                led_type
 .bss.flag      0x2000045c        0x4 ./main.o
                0x2000045c                flag
 .bss.pui32Stack
                0x20000460      0x200 ./tm4c123gh6pm_startup_ccs_gcc.o
 *(COMMON)
 COMMON         0x20000660       0x21 c:/ti/ccs1250/ccs/tools/compiler/gcc-arm-none-eabi-9-2019-q4-major/bin/../lib/gcc/arm-none-eabi/9.2.1/../../../../arm-none-eabi/lib/thumb/v7e-m/nofp\libg.a(lib_a-lock.o)
                0x20000660                __lock___atexit_recursive_mutex
                0x20000664                __lock___arc4random_mutex
                0x20000668                __lock___env_recursive_mutex
                0x2000066c                __lock___sinit_recursive_mutex
                0x20000670                __lock___malloc_recursive_mutex
                0x20000674                __lock___at_quick_exit_mutex
                0x20000678                __lock___dd_hash_mutex
                0x2000067c                __lock___tz_mutex
                0x20000680                __lock___sfp_recursive_mutex
                0x20000684                . = ALIGN (0x4)
 *fill*         0x20000681        0x3 
                0x20000684                __bss_end__ = .

.heap           0x20000684        0x0
                0x20000684                __heap_start__ = .
                0x20000684                end = __heap_start__
                0x20000684                _end = end
                0x20000684                __end = end
 *(.heap)
                0x20000684                __heap_end__ = .
                0x20000684                __HeapLimit = __heap_end__

.stack          0x20000688        0x0
                0x20000688                _stack = .
                0x20000688                __stack = .
 *(.stack)
START GROUP
LOAD c:/ti/ccs1250/ccs/tools/compiler/gcc-arm-none-eabi-9-2019-q4-major/bin/../lib/gcc/arm-none-eabi/9.2.1/thumb/v7e-m/nofp\libgcc.a
LOAD c:/ti/ccs1250/ccs/tools/compiler/gcc-arm-none-eabi-9-2019-q4-major/bin/../lib/gcc/arm-none-eabi/9.2.1/../../../../arm-none-eabi/lib/thumb/v7e-m/nofp\libg.a
LOAD c:/ti/ccs1250/ccs/tools/compiler/gcc-arm-none-eabi-9-2019-q4-major/bin/../lib/gcc/arm-none-eabi/9.2.1/../../../../arm-none-eabi/lib/thumb/v7e-m/nofp\libc.a
END GROUP
START GROUP
LOAD c:/ti/ccs1250/ccs/tools/compiler/gcc-arm-none-eabi-9-2019-q4-major/bin/../lib/gcc/arm-none-eabi/9.2.1/thumb/v7e-m/nofp\libgcc.a
LOAD c:/ti/ccs1250/ccs/tools/compiler/gcc-arm-none-eabi-9-2019-q4-major/bin/../lib/gcc/arm-none-eabi/9.2.1/../../../../arm-none-eabi/lib/thumb/v7e-m/nofp\libc.a
LOAD c:/ti/ccs1250/ccs/tools/compiler/gcc-arm-none-eabi-9-2019-q4-major/bin/../lib/gcc/arm-none-eabi/9.2.1/../../../../arm-none-eabi/lib/thumb/v7e-m/nofp\libnosys.a
END GROUP
LOAD c:/ti/ccs1250/ccs/tools/compiler/gcc-arm-none-eabi-9-2019-q4-major/bin/../lib/gcc/arm-none-eabi/9.2.1/thumb/v7e-m/nofp/crtend.o
LOAD c:/ti/ccs1250/ccs/tools/compiler/gcc-arm-none-eabi-9-2019-q4-major/bin/../lib/gcc/arm-none-eabi/9.2.1/thumb/v7e-m/nofp/crtn.o
OUTPUT(gpio_interrupt.out elf32-littlearm)

.ARM.attributes
                0x00000000       0x2a
 .ARM.attributes
                0x00000000       0x1e c:/ti/ccs1250/ccs/tools/compiler/gcc-arm-none-eabi-9-2019-q4-major/bin/../lib/gcc/arm-none-eabi/9.2.1/thumb/v7e-m/nofp/crti.o
 .ARM.attributes
                0x0000001e       0x2e c:/ti/ccs1250/ccs/tools/compiler/gcc-arm-none-eabi-9-2019-q4-major/bin/../lib/gcc/arm-none-eabi/9.2.1/thumb/v7e-m/nofp/crtbegin.o
 .ARM.attributes
                0x0000004c       0x1c c:/ti/ccs1250/ccs/tools/compiler/gcc-arm-none-eabi-9-2019-q4-major/bin/../lib/gcc/arm-none-eabi/9.2.1/../../../../arm-none-eabi/lib/thumb/v7e-m/nofp/crt0.o
 .ARM.attributes
                0x00000068       0x2e ./main.o
 .ARM.attributes
                0x00000096       0x2e ./tm4c123gh6pm_startup_ccs_gcc.o
 .ARM.attributes
                0x000000c4       0x2e c:/ti/ccs1250/ccs/tools/compiler/gcc-arm-none-eabi-9-2019-q4-major/bin/../lib/gcc/arm-none-eabi/9.2.1/../../../../arm-none-eabi/lib/thumb/v7e-m/nofp\libg.a(lib_a-exit.o)
 .ARM.attributes
                0x000000f2       0x2e c:/ti/ccs1250/ccs/tools/compiler/gcc-arm-none-eabi-9-2019-q4-major/bin/../lib/gcc/arm-none-eabi/9.2.1/../../../../arm-none-eabi/lib/thumb/v7e-m/nofp\libg.a(lib_a-impure.o)
 .ARM.attributes
                0x00000120       0x2e c:/ti/ccs1250/ccs/tools/compiler/gcc-arm-none-eabi-9-2019-q4-major/bin/../lib/gcc/arm-none-eabi/9.2.1/../../../../arm-none-eabi/lib/thumb/v7e-m/nofp\libg.a(lib_a-init.o)
 .ARM.attributes
                0x0000014e       0x2e c:/ti/ccs1250/ccs/tools/compiler/gcc-arm-none-eabi-9-2019-q4-major/bin/../lib/gcc/arm-none-eabi/9.2.1/../../../../arm-none-eabi/lib/thumb/v7e-m/nofp\libg.a(lib_a-memset.o)
 .ARM.attributes
                0x0000017c       0x2e c:/ti/ccs1250/ccs/tools/compiler/gcc-arm-none-eabi-9-2019-q4-major/bin/../lib/gcc/arm-none-eabi/9.2.1/../../../../arm-none-eabi/lib/thumb/v7e-m/nofp\libg.a(lib_a-__call_atexit.o)
 .ARM.attributes
                0x000001aa       0x2e c:/ti/ccs1250/ccs/tools/compiler/gcc-arm-none-eabi-9-2019-q4-major/bin/../lib/gcc/arm-none-eabi/9.2.1/../../../../arm-none-eabi/lib/thumb/v7e-m/nofp\libg.a(lib_a-atexit.o)
 .ARM.attributes
                0x000001d8       0x2e c:/ti/ccs1250/ccs/tools/compiler/gcc-arm-none-eabi-9-2019-q4-major/bin/../lib/gcc/arm-none-eabi/9.2.1/../../../../arm-none-eabi/lib/thumb/v7e-m/nofp\libg.a(lib_a-fini.o)
 .ARM.attributes
                0x00000206       0x2e c:/ti/ccs1250/ccs/tools/compiler/gcc-arm-none-eabi-9-2019-q4-major/bin/../lib/gcc/arm-none-eabi/9.2.1/../../../../arm-none-eabi/lib/thumb/v7e-m/nofp\libg.a(lib_a-lock.o)
 .ARM.attributes
                0x00000234       0x2e c:/ti/ccs1250/ccs/tools/compiler/gcc-arm-none-eabi-9-2019-q4-major/bin/../lib/gcc/arm-none-eabi/9.2.1/../../../../arm-none-eabi/lib/thumb/v7e-m/nofp\libg.a(lib_a-__atexit.o)
 .ARM.attributes
                0x00000262       0x2e c:/ti/ccs1250/ccs/tools/compiler/gcc-arm-none-eabi-9-2019-q4-major/bin/../lib/gcc/arm-none-eabi/9.2.1/../../../../arm-none-eabi/lib/thumb/v7e-m/nofp\libnosys.a(_exit.o)
 .ARM.attributes
                0x00000290       0x2e c:/ti/ccs1250/ccs/tools/compiler/gcc-arm-none-eabi-9-2019-q4-major/bin/../lib/gcc/arm-none-eabi/9.2.1/thumb/v7e-m/nofp/crtend.o
 .ARM.attributes
                0x000002be       0x1e c:/ti/ccs1250/ccs/tools/compiler/gcc-arm-none-eabi-9-2019-q4-major/bin/../lib/gcc/arm-none-eabi/9.2.1/thumb/v7e-m/nofp/crtn.o

.comment        0x00000000       0x79
 .comment       0x00000000       0x79 ./main.o
                                 0x7a (size before relaxing)
 .comment       0x00000079       0x7a ./tm4c123gh6pm_startup_ccs_gcc.o

.debug_info     0x00000000      0x304
 .debug_info    0x00000000      0x132 ./main.o
 .debug_info    0x00000132      0x1d2 ./tm4c123gh6pm_startup_ccs_gcc.o

.debug_abbrev   0x00000000      0x18f
 .debug_abbrev  0x00000000       0xb0 ./main.o
 .debug_abbrev  0x000000b0       0xdf ./tm4c123gh6pm_startup_ccs_gcc.o

.debug_aranges  0x00000000       0x68
 .debug_aranges
                0x00000000       0x28 ./main.o
 .debug_aranges
                0x00000028       0x40 ./tm4c123gh6pm_startup_ccs_gcc.o

.debug_ranges   0x00000000       0x48
 .debug_ranges  0x00000000       0x18 ./main.o
 .debug_ranges  0x00000018       0x30 ./tm4c123gh6pm_startup_ccs_gcc.o

.debug_line     0x00000000      0x383
 .debug_line    0x00000000      0x194 ./main.o
 .debug_line    0x00000194      0x1ef ./tm4c123gh6pm_startup_ccs_gcc.o

.debug_str      0x00000000      0x25e
 .debug_str     0x00000000      0x191 ./main.o
                                0x1ce (size before relaxing)
 .debug_str     0x00000191       0xcd ./tm4c123gh6pm_startup_ccs_gcc.o
                                0x27f (size before relaxing)

.debug_frame    0x00000000      0x334
 .debug_frame   0x00000000       0x58 ./main.o
 .debug_frame   0x00000058       0x9c ./tm4c123gh6pm_startup_ccs_gcc.o
 .debug_frame   0x000000f4       0x28 c:/ti/ccs1250/ccs/tools/compiler/gcc-arm-none-eabi-9-2019-q4-major/bin/../lib/gcc/arm-none-eabi/9.2.1/../../../../arm-none-eabi/lib/thumb/v7e-m/nofp\libg.a(lib_a-exit.o)
 .debug_frame   0x0000011c       0x2c c:/ti/ccs1250/ccs/tools/compiler/gcc-arm-none-eabi-9-2019-q4-major/bin/../lib/gcc/arm-none-eabi/9.2.1/../../../../arm-none-eabi/lib/thumb/v7e-m/nofp\libg.a(lib_a-init.o)
 .debug_frame   0x00000148       0x38 c:/ti/ccs1250/ccs/tools/compiler/gcc-arm-none-eabi-9-2019-q4-major/bin/../lib/gcc/arm-none-eabi/9.2.1/../../../../arm-none-eabi/lib/thumb/v7e-m/nofp\libg.a(lib_a-memset.o)
 .debug_frame   0x00000180       0x5c c:/ti/ccs1250/ccs/tools/compiler/gcc-arm-none-eabi-9-2019-q4-major/bin/../lib/gcc/arm-none-eabi/9.2.1/../../../../arm-none-eabi/lib/thumb/v7e-m/nofp\libg.a(lib_a-__call_atexit.o)
 .debug_frame   0x000001dc       0x20 c:/ti/ccs1250/ccs/tools/compiler/gcc-arm-none-eabi-9-2019-q4-major/bin/../lib/gcc/arm-none-eabi/9.2.1/../../../../arm-none-eabi/lib/thumb/v7e-m/nofp\libg.a(lib_a-atexit.o)
 .debug_frame   0x000001fc       0x34 c:/ti/ccs1250/ccs/tools/compiler/gcc-arm-none-eabi-9-2019-q4-major/bin/../lib/gcc/arm-none-eabi/9.2.1/../../../../arm-none-eabi/lib/thumb/v7e-m/nofp\libg.a(lib_a-fini.o)
 .debug_frame   0x00000230       0xb0 c:/ti/ccs1250/ccs/tools/compiler/gcc-arm-none-eabi-9-2019-q4-major/bin/../lib/gcc/arm-none-eabi/9.2.1/../../../../arm-none-eabi/lib/thumb/v7e-m/nofp\libg.a(lib_a-lock.o)
 .debug_frame   0x000002e0       0x34 c:/ti/ccs1250/ccs/tools/compiler/gcc-arm-none-eabi-9-2019-q4-major/bin/../lib/gcc/arm-none-eabi/9.2.1/../../../../arm-none-eabi/lib/thumb/v7e-m/nofp\libg.a(lib_a-__atexit.o)
 .debug_frame   0x00000314       0x20 c:/ti/ccs1250/ccs/tools/compiler/gcc-arm-none-eabi-9-2019-q4-major/bin/../lib/gcc/arm-none-eabi/9.2.1/../../../../arm-none-eabi/lib/thumb/v7e-m/nofp\libnosys.a(_exit.o)
